C251 COMPILER V5.57.0,  sector_uart_parameter                                              08/11/20  05:51:27  PAGE 1   


C251 COMPILER V5.57.0, COMPILATION OF MODULE sector_uart_parameter
OBJECT MODULE PLACED IN .\output\AB1520C_AiroStereoHeadset\sector_uart_parameter.obj
COMPILER INVOKED BY: C:\Keil_v5\C251\BIN\C251.EXE source\SECTOR\sector_uart_parameter.c XSMALL HPTR FUNCTIONS(REENTRANT)
                    - ROM(HUGE) WARNINGLEVEL(3) OPTIMIZE(9,SPEED) BROWSE ORDER INCDIR(.\source\COMMON;.\source\SECTOR;.\source\ABSDRIVER;.\so
                    -urce\OS;.\source\HC;.\source\LM;.\source\LC;.\source\ROM;.\source\ROM\COMMON;.\source\ROM\OS;.\source\ROM\HC;.\source\RO
                    -M\LL;.\source\ROM\LC;.\source\ROM\HAL;.\source\ROM\KERNEL;.\source\ROM\DRIVER;.\source\ROM\L2CAP;.\source\ROM\GAP;.\sour
                    -ce\ROM\MMI_LE;.\source\ROM\SECTOR;.\source\ROM\SECTOR\Config0;.\source\SECTOR\Config0;.\source\SECTOR\Config1;.\source\S
                    -ECTOR\DspData;.\source\SECTOR\Runtime;.\source\SECTOR\VoiceData;.\source\SECTOR\SectorBoundary;.\source\SECTOR\ToolMisc)
                    - DEFINE(FLASH_INIT=1,AB1520C,MIGRATE_ROM_TO_FLASH,DFU_LOADER_IN_BOOT_CODE,TWS_SETTINGS) DEBUG PRINT(.\LST\AB1520C_AiroSt
                    -ereoHeadset\sector_uart_parameter.lst) TABS(2) OBJECT(.\output\AB1520C_AiroStereoHeadset\sector_uart_parameter.obj) 

stmt  level    source

    1          /*
    2           * AIROHA Bluetooth Device Firmware
    3           * COPYRIGHT (C) 2014 AIROHA TECHNOLOGY CORP. CO., LTD. ALL RIGHTS RESERVED
    4           *
    5           * sector_uart_para.c defines the options of UART transport interface.
    6           *
    7           * Programmer : CharlesSu@airoha.com.tw, Ext.2882
    8           */
    9          #include "config.h"
   10          #include "cpu.h"
   11          #include "sector_uart_parameter.h"
   12          #include "drv_uart.h"
   13          #include "bt_config_profile.h"
   14          
   15          #pragma userclass (HCONST = CONFIG)
   16          
   17          
   18          ////////////////////////////////////////////////////////////////////////////////
   19          // Global Variables ////////////////////////////////////////////////////////////
   20          ////////////////////////////////////////////////////////////////////////////////
   21          SECTOR_UART_PARAMETER_STRU CODE gSector_UartParameter =
   22          {
   23              {
   24                  /**
   25                   * NOTATION
   26                   *
   27                   * 1520 only provides baudrate in following list
   28                   * 115200, 230400, 460800, 614400, 921600, 3000000
   29                   */
   30                  //- Baudrate
   31              #ifdef TRSPX_App
                   115200UL,
                   #else
   34                  3000000UL,
   35              #endif        
   36          
   37                  //- RxTrigLv
   38                  0x20,
   39          
   40                  //- RxCharTimeout
   41                  0x20,
   42          
   43                  {
   44                      //- word_length
   45                      UART_8_BIT_WORD_LENGTH,
   46          
   47                      //- num_of_stop_bits
   48                      UART_1_STOP_BIT,
   49          
   50                      //- parity_enable
   51                      UART_PARITY_OFF,
   52          
C251 COMPILER V5.57.0,  sector_uart_parameter                                              08/11/20  05:51:27  PAGE 2   

   53                      //- parity
   54                      UART_ODD_PARITY,
   55          
   56                      //- stick_parity_enable
   57                      UART_STICK_PARAITY_OFF,
   58          
   59                      //- reserved_b6
   60                      0,
   61          
   62                      //- hw_flow_ctl
   63                      #ifdef TRSPX_App
                               UART_HW_FLOW_CTL_ON,
                           #elif defined KB_App
                               UART_HW_FLOW_CTL_ON,
                           #else
   68                          UART_HW_FLOW_CTL_OFF,
   69                      #endif
   70                  },
   71          
   72              //U8 uart_h5_enabled
   73                  0,
   74                  //U32     uart_h5_session_timeout;
   75                  30*3200L,
   76                  //U8      uart_h5_config_setting;
   77                  0x07 |     // window size (1~7)
   78                  0x00 <<3 |  // OOF (0-1)
   79                  0x01 <<4 |  // DIC type (0-1)
   80                  0x00 <<5 |  // version (default:0)
   81                  0,
   82              },
   83          
   84              //- CRC
   85              {0,0}
   86          };
   87          


Module Information          Static   Overlayable
------------------------------------------------
  code size            =    ------     ------
  ecode size           =    ------     ------
  data size            =    ------     ------
  idata size           =    ------     ------
  pdata size           =    ------     ------
  xdata size           =    ------     ------
  xdata-const size     =    ------     ------
  edata size           =    ------     ------
  bit size             =    ------     ------
  ebit size            =    ------     ------
  bitaddressable size  =    ------     ------
  ebitaddressable size =    ------     ------
  far data size        =    ------     ------
  huge data size       =    ------     ------
  const size           =    ------     ------
  hconst size          =        16     ------
End of Module Information.


C251 COMPILATION COMPLETE.  0 WARNING(S),  0 ERROR(S)
